StGermain Framework revision 4012. Copyright (C) 2003-2005 VPAC.
StGermain Discretisation Library revision 4012. Copyright (C) 2003-2005 VPAC.
Watching rank: 0
StGermain XML library Path found.
 